PASS complete_record_reconstruction_0
PASS positive_unique_graph_ground_0
PASS record_gram_and_ground_null_0
PASS new_observable_time_response_0
PASS complete_record_reconstruction_1
PASS positive_unique_graph_ground_1
PASS record_gram_and_ground_null_1
PASS new_observable_time_response_1
PASS same_density_different_dynamics
PASS self_consistency_is_identity_not_selection
PASS energy_origin_remains_invisible
PASS equal_time_or_diagonal_records_not_complete
PASS exact_variable_metric_double_commutator
PASS positive_radial_and_tangent_metric
PASS localized_record_recovers_every_metric_component
PASS positive_density_inverse_schrodinger_identity
PASS ground_transform_quadratic_form_identity
PASS angular_metric_invisible_to_radial_functions
PASS angular_casimir_equals_positive_metric_extension
PASS dipole_norm_(12, 6, 6)_0
PASS dipole_norm_(12, 6, 6)_1
PASS dipole_norm_(24, 12, 12)_0
PASS dipole_norm_(24, 12, 12)_1
PASS dipole_norm_(28, 14, 14)_0
PASS dipole_norm_(28, 14, 14)_1
PASS angular_eta_recovery_at_converged_basis
PASS dipole_sumrule_converges
PASS independent_dipole_spectral_sum
PASS admissible_CE_family_1.0
PASS admissible_CE_family_0.6
PASS admissible_CE_family_1.2
PASS CE_selfconsistency_does_not_select_unique_input
PASS maximal_O7_symmetry_fixes_ratios_not_scale
PASS maximal_symmetry_incompatible_with_original_nonzero_split
PASS TOTAL 34
