PASS original circulant spectrum
PASS two-body normalization via independent momentum integral
PASS delta-sequence phase-space convergence
PASS strict vacuum threshold
PASS spectral positivity above threshold
PASS algebraic two-background parameter identification
PASS independent force-noise amplitude portal check
PASS one-plus-two multiplicity from second onset
PASS common portal slopes and epsilon protection test
PASS absolute-scale ambiguity without clock calibration
PASS epsilon-zero recording counterexample retained
PASS subtracted dispersion reproduces Feynman parameter loop
PASS finite first derivative sum rule
PASS CE U_ss reconstructed from relative noise sum rule
PASS zero-temperature fluctuation-dissipation convention
PASS thermal beta identifiable from detailed-balance records
PASS nonthermal negative control against automatic Gibbs assumption
PASS subthreshold vacuum has no linear-response absorption
PASS radial variation reintroduces the predicted logarithmic divergence
PASS fixed-source bath records do not fix Higgs local potential
PASS same bath records permit different conservative source
PASS relative phase minimum leaves radial parameters free
PASS independent time evolution verifies acceleration used for identification
PASS absolute vacuum constant is invisible to flat-space normalized records
PASS local Higgs coefficients algebraically recovered from two records
PASS third-record force prediction without refitting
PASS coefficient identification under basis extension
PASS parity is conserved by the interacting diagnostic
PASS parity example has genuine dynamical bath coupling
PASS indistinguishable input states are orthogonal
PASS entire even-record histories fail to select initial parity coherence
PASS one-loop scalar beta functions by explicit tensor contractions
PASS nonzero portal radiatively generates residual quartic
PASS four-dimensional scalar fixed-point sum-of-squares gate
PASS naive Higgs-linear Schur elimination yields nonpositive portal
PASS Schur portal is an exact polynomial coefficient
36 checks passed; /mnt/data/ce_accuracy_work/ri1_rerun.json
