static nH=24 nC=9: u(0.5)=0.2556234939, u(2.0)=0.2413099127, u(4.0)=0.2126753693
static nH=24 nC=13: u(0.5)=0.2556238791, u(2.0)=0.2413103513, u(4.0)=0.2126754006
static nH=24 nC=17: u(0.5)=0.2556238882, u(2.0)=0.2413103373, u(4.0)=0.2126756177
static nH=24 nC=21: u(0.5)=0.2556238877, u(2.0)=0.2413103340, u(4.0)=0.2126756224
PASS 01 inherited ground-state value reproduced
PASS 02 ground eigen-equation residual
PASS 03 Hamiltonian is Hermitian
PASS 04 conditional u basis convergence 17->21
PASS 05 conditional acceleration basis convergence
PASS 06 conditional energy basis convergence
PASS 07 exact commutator vs physical moment acceleration
PASS 08 record density normalizes
PASS 09 average conditioned moments recover original joint moments
PASS 10 record-to-value derivative equals conditional covariance
PASS 11 density score reconstructs conditional O
PASS 12 record derivatives reconstruct full correlated source
PASS 13 anticorrelation in the tested records, not a universal sign theorem
PASS 14 dropping u-O correlation changes acceleration
PASS 15 heating commutator identity approached with increasing cutoff
PASS 16 finite record has finite positive mean energy cost
PASS 17 a nonselective local record cannot instantly change Higgs state
PASS 18 instrument-energy quadrature equals exact finite channel
PASS 19 zero-portal control has no conditional Higgs selection
PASS 20 uninformative detector limit recovers original mean_u
PASS 21 same environmental record density can hide different Higgs states
PASS 22 joint-state assumption is necessary for record-value inference
PASS 23 Gaussian covariance reconstructs the original CE mass matrix
PASS 24 centered invariants recover s epsilon cos(theta)
PASS 25 oriented cycle needs channel-frame correlations
PASS 26 vacuum reconstruction cannot be applied to an unknown occupied state
PASS 27 resolved intensity records attain the fixed-vacuum local QFI
PASS 28 intensity-record classical affinity equals vacuum amplitude overlap
PASS 29 continuum record Fisher density matches CE-CR1
PASS 30 same spectrum recovers the inherited unified response derivatives
30 checks passed; saved /mnt/data/CE_record_values_20260919/static_results.json
